// Jest Snapshot v1, https://goo.gl/fbAQLP

exports[`ssyy-form form-snapshot 1`] = `
<form
  class="aaa"
/>
`;
